
[Incubating] Problems report is available at: file:///C:/Users/sandh/AndroidStudioProjects/cdss2/build/reports/problems/problems-report.html
.\gradlew : 
At line:1 char:1
+ .\gradlew compileDebugJavaWithJavac > 
build_output.txt 2>&1
+ ~~~~~~~~~~~~~~~~~~~~~~~~~~~~~~~~~~~~~~~~~~~~
~~~~~~~~~~~~~~~
    + CategoryInfo          : NotSpecified: ( 
   :String) [], RemoteException
    + FullyQualifiedErrorId : NativeCommandEr 
   ror
 
FAILURE: Build failed with an exception.

* What went wrong:
A problem occurred configuring root project 
'cdss'.
> Could not resolve all artifacts for 
configuration 'classpath'.
   > Could not resolve 
com.android.tools.build:gradle:8.13.2.
     Required by:
         root project : > com.android.applicat
ion:com.android.application.gradle.plugin:8.13
.2
      > Dependency requires at least JVM 
runtime version 11. This build uses a Java 8 
JVM.

* Try:
> Run this build using a Java 11 or newer JVM.
> Run with --stacktrace option to get the 
stack trace.
> Run with --info or --debug option to get 
more log output.
> Run with --scan to get full insights.
> Get more help at https://help.gradle.org.

Deprecated Gradle features were used in this build, making it incompatible with Gradle 9.0.

You can use '--warning-mode all' to show the individual deprecation warnings and determine if they come from your own scripts or plugins.

For more on this, please refer to https://docs.gradle.org/8.13/userguide/command_line_interface.html#sec:command_line_warnings in the Gradle documentation.

BUILD FAILED in 1s
